id	λx.x
       
       
    ***
     * 
     * 
K/true	λx.λy.x
       
       
    ***
     * 
    ***
     * 
     * 
false	λx.λy.y
       
       
    ***
       
    ***
     * 
     * 
S	λx.λy.λz.(x z)(y z)
                   
                   
    ***************
     *             
    ***************
     *       *     
    ***************
     *   *   *   * 
     *****   ***** 
     *       *     
     *********     
     *             
     *             
Y	λf.(λx.x x)(λx.f(x x))
                       
                       
    *******************
             *         
    ******* ***********
     *   *   *   *   * 
     *****   *   ***** 
     *       *   *     
     *       *****     
     *       *         
     *********         
     *                 
     *                 
2	λf.λx.f(f x)
               
               
    ***********
     *   *     
    ***********
     *   *   * 
     *   ***** 
     *   *     
     *****     
     *         
     *         
3	λf.λx.f(f(f x))
                   
                   
    ***************
     *   *   *     
    ***************
     *   *   *   * 
     *   *   ***** 
     *   *   *     
     *   *****     
     *   *         
     *****         
     *             
     *             
4	λf.λx.f(f(f(f x)))
                       
                       
    *******************
     *   *   *   *     
    *******************
     *   *   *   *   * 
     *   *   *   ***** 
     *   *   *   *     
     *   *   *****     
     *   *   *         
     *   *****         
     *   *             
     *****             
     *                 
     *                 
Ω	(λx.x x)(λx.x x)
                   
                   
    ******* *******
     *   *   *   * 
     *****   ***** 
     *       *     
     *********     
     *             
     *             
chrisdoner	λn.λf.λx.((n(λg.λh.h(g f)))(λu.x))(λu.u)
                           
                           
    ***********************
     *                     
    ***********************
     *           *         
    ***********************
     *           *   *     
     *  *********** *** ***
     *       *   *   *   * 
     *  ***********  *   * 
     *   *   *   *   *   * 
     *   *   *****   *   * 
     *   *   *       *   * 
     *   *****       *   * 
     *   *           *   * 
     *****           *   * 
     *               *   * 
     *****************   * 
     *                   * 
     ********************* 
     *                     
     *                     
